<html>
<body>
<pre>
<h1>µVision Build Log</h1>
<h2>Project:</h2>
C:\Users\Prashanth\OneDrive\Desktop\MAJOR_PROJECT\Automotive_Parameter_Monitoring_using_CAN\INDICATOR NODE\INDICATOR_NODE.uvproj
Project File Date:  05/15/2026

<h2>Output:</h2>
Rebuild target 'Target 1'
assembling Startup.s...
compiling delay.c...
compiling indicator_node.c...
compiling can.c...
linking...
Program Size: Code=1624 RO-data=32 RW-data=4 ZI-data=1276  
FromELF: creating hex file...
".\INDICATOR_NODE.axf" - 0 Error(s), 0 Warning(s).
</pre>
</body>
</html>
ines.h": No such file or directory
  #include "adc_defines.h"
can.c: 0 warnings, 1 error
".\INDICATOR_NODE.axf" - 2 Error(s), 0 Warning(s).
Target not created
=4 ZI-data=1276  
".\CAN_Project.axf" - 0 Error(s), 2 Warning(s).
