<html>
<body>
<pre>
<h1>µVision Build Log</h1>
<h2>Project:</h2>
C:\Users\Prashanth\OneDrive\Desktop\MAJOR\MAIN_NODE\MAIN_NODE.uvproj
Project File Date:  05/20/2026

<h2>Output:</h2>
Rebuild target 'Target 1'
assembling Startup.s...
compiling delay.c...
compiling lcd.c...
compiling adc.c...
compiling ds18b20.c...
compiling main_node.c...
compiling can.c...
linking...
Program Size: Code=5220 RO-data=32 RW-data=4 ZI-data=1292  
FromELF: creating hex file...
".\MAIN_NODE.axf" - 0 Error(s), 0 Warning(s).
</pre>
</body>
</html>
